  ballproject.cpp
D:\practice\ballgame\ballgame\ballproject.cpp(178,15): warning C4101: “msg”: 未引用的局部变量
D:\practice\ballgame\ballgame\ballproject.cpp(367,31): warning C4244: “=”: 从“int”转换到“float”，可能丢失数据
D:\practice\ballgame\ballgame\ballproject.cpp(368,31): warning C4244: “=”: 从“int”转换到“float”，可能丢失数据
D:\practice\ballgame\ballgame\ballproject.cpp(379,23): warning C4244: “=”: 从“int”转换到“float”，可能丢失数据
D:\practice\ballgame\ballgame\ballproject.cpp(380,23): warning C4244: “=”: 从“int”转换到“float”，可能丢失数据
D:\practice\ballgame\ballgame\ballproject.cpp(381,63): warning C4244: “=”: 从“double”转换到“float”，可能丢失数据
D:\practice\ballgame\ballgame\ballproject.cpp(1042,78): warning C4244: “参数”: 从“float”转换到“int”，可能丢失数据
D:\practice\ballgame\ballgame\ballproject.cpp(1042,39): warning C4244: “参数”: 从“float”转换到“int”，可能丢失数据
D:\practice\ballgame\ballgame\ballproject.cpp(1043,78): warning C4244: “参数”: 从“float”转换到“int”，可能丢失数据
D:\practice\ballgame\ballgame\ballproject.cpp(1043,39): warning C4244: “参数”: 从“float”转换到“int”，可能丢失数据
D:\practice\ballgame\ballgame\ballproject.cpp(1051,61): warning C4244: “参数”: 从“float”转换到“int”，可能丢失数据
D:\practice\ballgame\ballgame\ballproject.cpp(1051,33): warning C4244: “参数”: 从“float”转换到“int”，可能丢失数据
D:\practice\ballgame\ballgame\ballproject.cpp(1052,61): warning C4244: “参数”: 从“float”转换到“int”，可能丢失数据
D:\practice\ballgame\ballgame\ballproject.cpp(1052,33): warning C4244: “参数”: 从“float”转换到“int”，可能丢失数据
D:\practice\ballgame\ballgame\ballproject.cpp(1057,61): warning C4244: “参数”: 从“float”转换到“int”，可能丢失数据
D:\practice\ballgame\ballgame\ballproject.cpp(1057,33): warning C4244: “参数”: 从“float”转换到“int”，可能丢失数据
D:\practice\ballgame\ballgame\ballproject.cpp(1058,61): warning C4244: “参数”: 从“float”转换到“int”，可能丢失数据
D:\practice\ballgame\ballgame\ballproject.cpp(1058,33): warning C4244: “参数”: 从“float”转换到“int”，可能丢失数据
D:\practice\ballgame\ballgame\ballproject.cpp(1059,78): warning C4244: “参数”: 从“float”转换到“int”，可能丢失数据
D:\practice\ballgame\ballgame\ballproject.cpp(1059,39): warning C4244: “参数”: 从“float”转换到“int”，可能丢失数据
D:\practice\ballgame\ballgame\ballproject.cpp(1060,78): warning C4244: “参数”: 从“float”转换到“int”，可能丢失数据
D:\practice\ballgame\ballgame\ballproject.cpp(1060,39): warning C4244: “参数”: 从“float”转换到“int”，可能丢失数据
D:\practice\ballgame\ballgame\ballproject.cpp(1101,57): warning C4244: “参数”: 从“float”转换到“int”，可能丢失数据
D:\practice\ballgame\ballgame\ballproject.cpp(1101,29): warning C4244: “参数”: 从“float”转换到“int”，可能丢失数据
D:\practice\ballgame\ballgame\ballproject.cpp(1102,57): warning C4244: “参数”: 从“float”转换到“int”，可能丢失数据
D:\practice\ballgame\ballgame\ballproject.cpp(1102,29): warning C4244: “参数”: 从“float”转换到“int”，可能丢失数据
D:\practice\ballgame\ballgame\ballproject.cpp(1103,74): warning C4244: “参数”: 从“float”转换到“int”，可能丢失数据
D:\practice\ballgame\ballgame\ballproject.cpp(1103,35): warning C4244: “参数”: 从“float”转换到“int”，可能丢失数据
D:\practice\ballgame\ballgame\ballproject.cpp(1104,74): warning C4244: “参数”: 从“float”转换到“int”，可能丢失数据
D:\practice\ballgame\ballgame\ballproject.cpp(1104,35): warning C4244: “参数”: 从“float”转换到“int”，可能丢失数据
D:\practice\ballgame\ballgame\ballproject.cpp(1163,57): warning C4244: “参数”: 从“float”转换到“int”，可能丢失数据
D:\practice\ballgame\ballgame\ballproject.cpp(1163,29): warning C4244: “参数”: 从“float”转换到“int”，可能丢失数据
D:\practice\ballgame\ballgame\ballproject.cpp(1164,57): warning C4244: “参数”: 从“float”转换到“int”，可能丢失数据
D:\practice\ballgame\ballgame\ballproject.cpp(1164,29): warning C4244: “参数”: 从“float”转换到“int”，可能丢失数据
D:\practice\ballgame\ballgame\ballproject.cpp(1165,74): warning C4244: “参数”: 从“float”转换到“int”，可能丢失数据
D:\practice\ballgame\ballgame\ballproject.cpp(1165,35): warning C4244: “参数”: 从“float”转换到“int”，可能丢失数据
D:\practice\ballgame\ballgame\ballproject.cpp(1166,74): warning C4244: “参数”: 从“float”转换到“int”，可能丢失数据
D:\practice\ballgame\ballgame\ballproject.cpp(1166,35): warning C4244: “参数”: 从“float”转换到“int”，可能丢失数据
D:\practice\ballgame\ballgame\ballproject.cpp(1329,78): warning C4244: “参数”: 从“float”转换到“int”，可能丢失数据
D:\practice\ballgame\ballgame\ballproject.cpp(1329,39): warning C4244: “参数”: 从“float”转换到“int”，可能丢失数据
D:\practice\ballgame\ballgame\ballproject.cpp(1330,78): warning C4244: “参数”: 从“float”转换到“int”，可能丢失数据
D:\practice\ballgame\ballgame\ballproject.cpp(1330,39): warning C4244: “参数”: 从“float”转换到“int”，可能丢失数据
D:\practice\ballgame\ballgame\ballproject.cpp(1360,40): warning C4267: “参数”: 从“size_t”转换到“int”，可能丢失数据
  ballgame.vcxproj -> D:\practice\ballgame\x64\Debug\ballgame.exe
